Archive member included because of file (symbol)

c:/program files/atmel/atmel studio 6.0/extensions/atmel/avrgcc/3.4.0.65/avrtoolchain/bin/../lib/gcc/avr/4.6.2/../../../../avr/lib/avr25\libm.a(fixsfsi.o)
                              main.o (__fixsfsi)
c:/program files/atmel/atmel studio 6.0/extensions/atmel/avrgcc/3.4.0.65/avrtoolchain/bin/../lib/gcc/avr/4.6.2/../../../../avr/lib/avr25\libm.a(fixunssfsi.o)
                              c:/program files/atmel/atmel studio 6.0/extensions/atmel/avrgcc/3.4.0.65/avrtoolchain/bin/../lib/gcc/avr/4.6.2/../../../../avr/lib/avr25\libm.a(fixsfsi.o) (__fixunssfsi)
c:/program files/atmel/atmel studio 6.0/extensions/atmel/avrgcc/3.4.0.65/avrtoolchain/bin/../lib/gcc/avr/4.6.2/../../../../avr/lib/avr25\libm.a(floatsisf.o)
                              main.o (__floatsisf)
c:/program files/atmel/atmel studio 6.0/extensions/atmel/avrgcc/3.4.0.65/avrtoolchain/bin/../lib/gcc/avr/4.6.2/../../../../avr/lib/avr25\libm.a(fp_split3.o)
                              c:/program files/atmel/atmel studio 6.0/extensions/atmel/avrgcc/3.4.0.65/avrtoolchain/bin/../lib/gcc/avr/4.6.2/../../../../avr/lib/avr25\libm.a(fixunssfsi.o) (__fp_splitA)
c:/program files/atmel/atmel studio 6.0/extensions/atmel/avrgcc/3.4.0.65/avrtoolchain/bin/../lib/gcc/avr/4.6.2/../../../../avr/lib/avr25\libm.a(fp_zero.o)
                              c:/program files/atmel/atmel studio 6.0/extensions/atmel/avrgcc/3.4.0.65/avrtoolchain/bin/../lib/gcc/avr/4.6.2/../../../../avr/lib/avr25\libm.a(fixunssfsi.o) (__fp_zero)
c:/program files/atmel/atmel studio 6.0/extensions/atmel/avrgcc/3.4.0.65/avrtoolchain/bin/../lib/gcc/avr/4.6.2/../../../../avr/lib/avr25\libm.a(mulsf3.o)
                              main.o (__mulsf3)
c:/program files/atmel/atmel studio 6.0/extensions/atmel/avrgcc/3.4.0.65/avrtoolchain/bin/../lib/gcc/avr/4.6.2/../../../../avr/lib/avr25\libm.a(mulsf3x.o)
                              c:/program files/atmel/atmel studio 6.0/extensions/atmel/avrgcc/3.4.0.65/avrtoolchain/bin/../lib/gcc/avr/4.6.2/../../../../avr/lib/avr25\libm.a(mulsf3.o) (__mulsf3x)
c:/program files/atmel/atmel studio 6.0/extensions/atmel/avrgcc/3.4.0.65/avrtoolchain/bin/../lib/gcc/avr/4.6.2/../../../../avr/lib/avr25\libm.a(fp_inf.o)
                              c:/program files/atmel/atmel studio 6.0/extensions/atmel/avrgcc/3.4.0.65/avrtoolchain/bin/../lib/gcc/avr/4.6.2/../../../../avr/lib/avr25\libm.a(mulsf3x.o) (__fp_inf)
c:/program files/atmel/atmel studio 6.0/extensions/atmel/avrgcc/3.4.0.65/avrtoolchain/bin/../lib/gcc/avr/4.6.2/../../../../avr/lib/avr25\libm.a(fp_nan.o)
                              c:/program files/atmel/atmel studio 6.0/extensions/atmel/avrgcc/3.4.0.65/avrtoolchain/bin/../lib/gcc/avr/4.6.2/../../../../avr/lib/avr25\libm.a(mulsf3x.o) (__fp_nan)
c:/program files/atmel/atmel studio 6.0/extensions/atmel/avrgcc/3.4.0.65/avrtoolchain/bin/../lib/gcc/avr/4.6.2/../../../../avr/lib/avr25\libm.a(fp_pscA.o)
                              c:/program files/atmel/atmel studio 6.0/extensions/atmel/avrgcc/3.4.0.65/avrtoolchain/bin/../lib/gcc/avr/4.6.2/../../../../avr/lib/avr25\libm.a(mulsf3x.o) (__fp_pscA)
c:/program files/atmel/atmel studio 6.0/extensions/atmel/avrgcc/3.4.0.65/avrtoolchain/bin/../lib/gcc/avr/4.6.2/../../../../avr/lib/avr25\libm.a(fp_pscB.o)
                              c:/program files/atmel/atmel studio 6.0/extensions/atmel/avrgcc/3.4.0.65/avrtoolchain/bin/../lib/gcc/avr/4.6.2/../../../../avr/lib/avr25\libm.a(mulsf3x.o) (__fp_pscB)
c:/program files/atmel/atmel studio 6.0/extensions/atmel/avrgcc/3.4.0.65/avrtoolchain/bin/../lib/gcc/avr/4.6.2/../../../../avr/lib/avr25\libm.a(fp_round.o)
                              c:/program files/atmel/atmel studio 6.0/extensions/atmel/avrgcc/3.4.0.65/avrtoolchain/bin/../lib/gcc/avr/4.6.2/../../../../avr/lib/avr25\libm.a(mulsf3.o) (__fp_round)
../src/QTouch\libavr25g1s0_4qm_4x_1y_k_0rs.a(burst_qm_1.o)
                              touch.o (burst_qm_1)
../src/QTouch\libavr25g1s0_4qm_4x_1y_k_0rs.a(touch_api.o)
                              touch.o (qt_init_sensing_with_burst)
../src/QTouch\libavr25g1s0_4qm_4x_1y_k_0rs.a(touch_process.o)
                              ../src/QTouch\libavr25g1s0_4qm_4x_1y_k_0rs.a(touch_api.o) (sensors)
../src/QTouch\libavr25g1s0_4qm_4x_1y_k_0rs.a(touch_burst_qm.o)
                              ../src/QTouch\libavr25g1s0_4qm_4x_1y_k_0rs.a(touch_api.o) (burst_init)
c:/program files/atmel/atmel studio 6.0/extensions/atmel/avrgcc/3.4.0.65/avrtoolchain/bin/../lib/gcc/avr/4.6.2/avr25\libgcc.a(_mulhi3.o)
                              ../src/QTouch\libavr25g1s0_4qm_4x_1y_k_0rs.a(touch_api.o) (__mulhi3)
c:/program files/atmel/atmel studio 6.0/extensions/atmel/avrgcc/3.4.0.65/avrtoolchain/bin/../lib/gcc/avr/4.6.2/avr25\libgcc.a(_prologue.o)
                              ../src/QTouch\libavr25g1s0_4qm_4x_1y_k_0rs.a(burst_qm_1.o) (__prologue_saves__)
c:/program files/atmel/atmel studio 6.0/extensions/atmel/avrgcc/3.4.0.65/avrtoolchain/bin/../lib/gcc/avr/4.6.2/avr25\libgcc.a(_epilogue.o)
                              ../src/QTouch\libavr25g1s0_4qm_4x_1y_k_0rs.a(burst_qm_1.o) (__epilogue_restores__)
c:/program files/atmel/atmel studio 6.0/extensions/atmel/avrgcc/3.4.0.65/avrtoolchain/bin/../lib/gcc/avr/4.6.2/avr25\libgcc.a(_exit.o)
                              c:/program files/atmel/atmel studio 6.0/extensions/atmel/avrgcc/3.4.0.65/avrtoolchain/bin/../lib/gcc/avr/4.6.2/../../../../avr/lib/avr25/crttn84.o (exit)
c:/program files/atmel/atmel studio 6.0/extensions/atmel/avrgcc/3.4.0.65/avrtoolchain/bin/../lib/gcc/avr/4.6.2/avr25\libgcc.a(_copy_data.o)
                              main.o (__do_copy_data)
c:/program files/atmel/atmel studio 6.0/extensions/atmel/avrgcc/3.4.0.65/avrtoolchain/bin/../lib/gcc/avr/4.6.2/avr25\libgcc.a(_clear_bss.o)
                              main.o (__do_clear_bss)

Allocating common symbols
Common symbol       size              file

qt_config_data      0x7               ../src/QTouch\libavr25g1s0_4qm_4x_1y_k_0rs.a(touch_api.o)
qt_filter_callback  0x2               ../src/QTouch\libavr25g1s0_4qm_4x_1y_k_0rs.a(touch_api.o)
reg_clya            0x1               ../src/QTouch\libavr25g1s0_4qm_4x_1y_k_0rs.a(touch_burst_qm.o)
old_isr_state       0x1               ../src/QTouch\libavr25g1s0_4qm_4x_1y_k_0rs.a(touch_burst_qm.o)
reg_flyab           0x1               ../src/QTouch\libavr25g1s0_4qm_4x_1y_k_0rs.a(touch_burst_qm.o)
reg_clyb            0x1               ../src/QTouch\libavr25g1s0_4qm_4x_1y_k_0rs.a(touch_burst_qm.o)
qt_measure_data     0x11              ../src/QTouch\libavr25g1s0_4qm_4x_1y_k_0rs.a(touch_api.o)
dht_counter         0x1               ../src/QTouch\libavr25g1s0_4qm_4x_1y_k_0rs.a(touch_process.o)
reg_flyb            0x1               ../src/QTouch\libavr25g1s0_4qm_4x_1y_k_0rs.a(touch_burst_qm.o)
lib_status_flags    0x2               ../src/QTouch\libavr25g1s0_4qm_4x_1y_k_0rs.a(touch_api.o)
num_sensors         0x1               ../src/QTouch\libavr25g1s0_4qm_4x_1y_k_0rs.a(touch_process.o)
burst_mask          0x5               ../src/QTouch\libavr25g1s0_4qm_4x_1y_k_0rs.a(touch_burst_qm.o)
reg_flya            0x1               ../src/QTouch\libavr25g1s0_4qm_4x_1y_k_0rs.a(touch_burst_qm.o)
sensors             0x18              ../src/QTouch\libavr25g1s0_4qm_4x_1y_k_0rs.a(touch_process.o)

Memory Configuration

Name             Origin             Length             Attributes
text             0x00000000         0x00002000         xr
data             0x00800060         0x0000ffa0         rw !x
eeprom           0x00810000         0x00010000         rw !x
fuse             0x00820000         0x00000400         rw !x
lock             0x00830000         0x00000400         rw !x
signature        0x00840000         0x00000400         rw !x
*default*        0x00000000         0xffffffff

Linker script and memory map

LOAD c:/program files/atmel/atmel studio 6.0/extensions/atmel/avrgcc/3.4.0.65/avrtoolchain/bin/../lib/gcc/avr/4.6.2/../../../../avr/lib/avr25/crttn84.o
LOAD i2cmaster.o
LOAD main.o
LOAD src/QTouch/BitBangSPI_Master.o
LOAD src/QTouch/init_mcu_attiny84.o
LOAD src/QTouch/eeprom_access.o
LOAD src/QTouch/QDebug.o
LOAD src/QTouch/QDebugTransport.o
LOAD src/QTouch/qm_asm_tiny_mega.o
LOAD touch.o
START GROUP
LOAD c:/program files/atmel/atmel studio 6.0/extensions/atmel/avrgcc/3.4.0.65/avrtoolchain/bin/../lib/gcc/avr/4.6.2/../../../../avr/lib/avr25\libm.a
LOAD ../src/QTouch\libavr25g1s0_4qm_4x_1y_k_0rs.a
END GROUP
LOAD c:/program files/atmel/atmel studio 6.0/extensions/atmel/avrgcc/3.4.0.65/avrtoolchain/bin/../lib/gcc/avr/4.6.2/avr25\libgcc.a
LOAD c:/program files/atmel/atmel studio 6.0/extensions/atmel/avrgcc/3.4.0.65/avrtoolchain/bin/../lib/gcc/avr/4.6.2/../../../../avr/lib/avr25\libc.a
LOAD c:/program files/atmel/atmel studio 6.0/extensions/atmel/avrgcc/3.4.0.65/avrtoolchain/bin/../lib/gcc/avr/4.6.2/avr25\libgcc.a

.hash
 *(.hash)

.dynsym
 *(.dynsym)

.dynstr
 *(.dynstr)

.gnu.version
 *(.gnu.version)

.gnu.version_d
 *(.gnu.version_d)

.gnu.version_r
 *(.gnu.version_r)

.rel.init
 *(.rel.init)

.rela.init
 *(.rela.init)

.rel.text
 *(.rel.text)
 *(.rel.text.*)
 *(.rel.gnu.linkonce.t*)

.rela.text
 *(.rela.text)
 *(.rela.text.*)
 *(.rela.gnu.linkonce.t*)

.rel.fini
 *(.rel.fini)

.rela.fini
 *(.rela.fini)

.rel.rodata
 *(.rel.rodata)
 *(.rel.rodata.*)
 *(.rel.gnu.linkonce.r*)

.rela.rodata
 *(.rela.rodata)
 *(.rela.rodata.*)
 *(.rela.gnu.linkonce.r*)

.rel.data
 *(.rel.data)
 *(.rel.data.*)
 *(.rel.gnu.linkonce.d*)

.rela.data
 *(.rela.data)
 *(.rela.data.*)
 *(.rela.gnu.linkonce.d*)

.rel.ctors
 *(.rel.ctors)

.rela.ctors
 *(.rela.ctors)

.rel.dtors
 *(.rel.dtors)

.rela.dtors
 *(.rela.dtors)

.rel.got
 *(.rel.got)

.rela.got
 *(.rela.got)

.rel.bss
 *(.rel.bss)

.rela.bss
 *(.rela.bss)

.rel.plt
 *(.rel.plt)

.rela.plt
 *(.rela.plt)

.text           0x00000000     0x1e22
 *(.vectors)
 .vectors       0x00000000       0x22 c:/program files/atmel/atmel studio 6.0/extensions/atmel/avrgcc/3.4.0.65/avrtoolchain/bin/../lib/gcc/avr/4.6.2/../../../../avr/lib/avr25/crttn84.o
                0x00000000                __vector_default
                0x00000000                __vectors
 *(.vectors)
 *(.progmem.gcc*)
 *(.progmem*)
                0x00000022                . = ALIGN (0x2)
                0x00000022                __trampolines_start = .
 *(.trampolines)
 .trampolines   0x00000022        0x0 linker stubs
 *(.trampolines*)
                0x00000022                __trampolines_end = .
 *(.jumptables)
 *(.jumptables*)
 *(.lowtext)
 *(.lowtext*)
                0x00000022                __ctors_start = .
 *(.ctors)
                0x00000022                __ctors_end = .
                0x00000022                __dtors_start = .
 *(.dtors)
                0x00000022                __dtors_end = .
 SORT(*)(.ctors)
 SORT(*)(.dtors)
 *(.init0)
 .init0         0x00000022        0x0 c:/program files/atmel/atmel studio 6.0/extensions/atmel/avrgcc/3.4.0.65/avrtoolchain/bin/../lib/gcc/avr/4.6.2/../../../../avr/lib/avr25/crttn84.o
                0x00000022                __init
 *(.init0)
 *(.init1)
 *(.init1)
 *(.init2)
 .init2         0x00000022        0xc c:/program files/atmel/atmel studio 6.0/extensions/atmel/avrgcc/3.4.0.65/avrtoolchain/bin/../lib/gcc/avr/4.6.2/../../../../avr/lib/avr25/crttn84.o
 *(.init2)
 *(.init3)
 *(.init3)
 *(.init4)
 .init4         0x0000002e       0x16 c:/program files/atmel/atmel studio 6.0/extensions/atmel/avrgcc/3.4.0.65/avrtoolchain/bin/../lib/gcc/avr/4.6.2/avr25\libgcc.a(_copy_data.o)
                0x0000002e                __do_copy_data
 .init4         0x00000044       0x10 c:/program files/atmel/atmel studio 6.0/extensions/atmel/avrgcc/3.4.0.65/avrtoolchain/bin/../lib/gcc/avr/4.6.2/avr25\libgcc.a(_clear_bss.o)
                0x00000044                __do_clear_bss
 *(.init4)
 *(.init5)
 *(.init5)
 *(.init6)
 *(.init6)
 *(.init7)
 *(.init7)
 *(.init8)
 *(.init8)
 *(.init9)
 .init9         0x00000054        0x4 c:/program files/atmel/atmel studio 6.0/extensions/atmel/avrgcc/3.4.0.65/avrtoolchain/bin/../lib/gcc/avr/4.6.2/../../../../avr/lib/avr25/crttn84.o
 *(.init9)
 *(.text)
 .text          0x00000058        0x2 c:/program files/atmel/atmel studio 6.0/extensions/atmel/avrgcc/3.4.0.65/avrtoolchain/bin/../lib/gcc/avr/4.6.2/../../../../avr/lib/avr25/crttn84.o
                0x00000058                __vector_1
                0x00000058                __vector_12
                0x00000058                __bad_interrupt
                0x00000058                __vector_6
                0x00000058                __vector_3
                0x00000058                __vector_11
                0x00000058                __vector_13
                0x00000058                __vector_7
                0x00000058                __vector_5
                0x00000058                __vector_4
                0x00000058                __vector_2
                0x00000058                __vector_15
                0x00000058                __vector_8
                0x00000058                __vector_14
                0x00000058                __vector_10
                0x00000058                __vector_16
 .text          0x0000005a       0xce i2cmaster.o
                0x0000006a                i2c_init
                0x00000074                i2c_start
                0x0000007c                i2c_rep_start
                0x00000090                i2c_start_wait
                0x000000a4                i2c_stop
                0x000000b4                i2c_write
                0x000000ec                i2c_readNak
                0x000000f0                i2c_readAck
                0x000000f2                i2c_read
 .text          0x00000128      0x2c4 main.o
                0x00000128                pca9685_init2
                0x000001b2                pca9685_send_all
                0x00000214                pca9685_send
                0x00000332                pca9685_brightness
                0x000003da                PCA9685AllLedOff
 .text          0x000003ec        0x0 src/QTouch/BitBangSPI_Master.o
 .text          0x000003ec       0x92 src/QTouch/init_mcu_attiny84.o
                0x000003ec                init_timer_isr
                0x00000404                __vector_9
                0x00000468                set_timer_period
                0x0000046e                init_system
 .text          0x0000047e        0x0 src/QTouch/eeprom_access.o
 .text          0x0000047e        0x0 src/QTouch/QDebug.o
 .text          0x0000047e        0x0 src/QTouch/QDebugTransport.o
 .text          0x0000047e       0xc8 src/QTouch/qm_asm_tiny_mega.o
                0x0000047e                _00110000001_
                0x000004c2                _00110000100_
                0x0000052a                _00110000010_
                0x00000538                _00110000011_
                0x0000053c                _00110000110_
 .text          0x00000546       0x6c touch.o
                0x00000546                touch_init
                0x00000582                touch_measure
 .text          0x000005b2        0x0 c:/program files/atmel/atmel studio 6.0/extensions/atmel/avrgcc/3.4.0.65/avrtoolchain/bin/../lib/gcc/avr/4.6.2/../../../../avr/lib/avr25\libm.a(fixsfsi.o)
 .text          0x000005b2        0x0 c:/program files/atmel/atmel studio 6.0/extensions/atmel/avrgcc/3.4.0.65/avrtoolchain/bin/../lib/gcc/avr/4.6.2/../../../../avr/lib/avr25\libm.a(fixunssfsi.o)
 .text          0x000005b2        0x0 c:/program files/atmel/atmel studio 6.0/extensions/atmel/avrgcc/3.4.0.65/avrtoolchain/bin/../lib/gcc/avr/4.6.2/../../../../avr/lib/avr25\libm.a(floatsisf.o)
 .text          0x000005b2        0x0 c:/program files/atmel/atmel studio 6.0/extensions/atmel/avrgcc/3.4.0.65/avrtoolchain/bin/../lib/gcc/avr/4.6.2/../../../../avr/lib/avr25\libm.a(fp_split3.o)
 .text          0x000005b2        0x0 c:/program files/atmel/atmel studio 6.0/extensions/atmel/avrgcc/3.4.0.65/avrtoolchain/bin/../lib/gcc/avr/4.6.2/../../../../avr/lib/avr25\libm.a(fp_zero.o)
 .text          0x000005b2        0x0 c:/program files/atmel/atmel studio 6.0/extensions/atmel/avrgcc/3.4.0.65/avrtoolchain/bin/../lib/gcc/avr/4.6.2/../../../../avr/lib/avr25\libm.a(mulsf3.o)
 .text          0x000005b2        0x0 c:/program files/atmel/atmel studio 6.0/extensions/atmel/avrgcc/3.4.0.65/avrtoolchain/bin/../lib/gcc/avr/4.6.2/../../../../avr/lib/avr25\libm.a(mulsf3x.o)
 .text          0x000005b2        0x0 c:/program files/atmel/atmel studio 6.0/extensions/atmel/avrgcc/3.4.0.65/avrtoolchain/bin/../lib/gcc/avr/4.6.2/../../../../avr/lib/avr25\libm.a(fp_inf.o)
 .text          0x000005b2        0x0 c:/program files/atmel/atmel studio 6.0/extensions/atmel/avrgcc/3.4.0.65/avrtoolchain/bin/../lib/gcc/avr/4.6.2/../../../../avr/lib/avr25\libm.a(fp_nan.o)
 .text          0x000005b2        0x0 c:/program files/atmel/atmel studio 6.0/extensions/atmel/avrgcc/3.4.0.65/avrtoolchain/bin/../lib/gcc/avr/4.6.2/../../../../avr/lib/avr25\libm.a(fp_pscA.o)
 .text          0x000005b2        0x0 c:/program files/atmel/atmel studio 6.0/extensions/atmel/avrgcc/3.4.0.65/avrtoolchain/bin/../lib/gcc/avr/4.6.2/../../../../avr/lib/avr25\libm.a(fp_pscB.o)
 .text          0x000005b2        0x0 c:/program files/atmel/atmel studio 6.0/extensions/atmel/avrgcc/3.4.0.65/avrtoolchain/bin/../lib/gcc/avr/4.6.2/../../../../avr/lib/avr25\libm.a(fp_round.o)
 .text          0x000005b2       0xf8 ../src/QTouch\libavr25g1s0_4qm_4x_1y_k_0rs.a(burst_qm_1.o)
                0x000005b2                burst_qm_1
 .text          0x000006aa      0x2dc ../src/QTouch\libavr25g1s0_4qm_4x_1y_k_0rs.a(touch_api.o)
                0x000006aa                qt_init_sensing_with_burst
                0x000006cc                qt_get_library_sig
                0x000006e8                qt_calibrate_sensing
                0x00000700                qt_reset_sensing
                0x00000736                qt_measure_sensors
                0x00000826                qt_enable_key
                0x000008b2                qt_get_sensor_delta
 .text          0x00000986      0x6f6 ../src/QTouch\libavr25g1s0_4qm_4x_1y_k_0rs.a(touch_process.o)
                0x000009e8                start_cal_sensor
                0x00000a1e                process_sensor
                0x00001050                get_channel_delta
 .text          0x0000107c      0x17a ../src/QTouch\libavr25g1s0_4qm_4x_1y_k_0rs.a(touch_burst_qm.o)
                0x0000107c                burst_init
                0x0000113e                burst_reset
                0x00001152                burst
 .text          0x000011f6        0x0 c:/program files/atmel/atmel studio 6.0/extensions/atmel/avrgcc/3.4.0.65/avrtoolchain/bin/../lib/gcc/avr/4.6.2/avr25\libgcc.a(_mulhi3.o)
 .text          0x000011f6        0x0 c:/program files/atmel/atmel studio 6.0/extensions/atmel/avrgcc/3.4.0.65/avrtoolchain/bin/../lib/gcc/avr/4.6.2/avr25\libgcc.a(_prologue.o)
 .text          0x000011f6        0x0 c:/program files/atmel/atmel studio 6.0/extensions/atmel/avrgcc/3.4.0.65/avrtoolchain/bin/../lib/gcc/avr/4.6.2/avr25\libgcc.a(_epilogue.o)
 .text          0x000011f6        0x0 c:/program files/atmel/atmel studio 6.0/extensions/atmel/avrgcc/3.4.0.65/avrtoolchain/bin/../lib/gcc/avr/4.6.2/avr25\libgcc.a(_exit.o)
 .text          0x000011f6        0x0 c:/program files/atmel/atmel studio 6.0/extensions/atmel/avrgcc/3.4.0.65/avrtoolchain/bin/../lib/gcc/avr/4.6.2/avr25\libgcc.a(_copy_data.o)
 .text          0x000011f6        0x0 c:/program files/atmel/atmel studio 6.0/extensions/atmel/avrgcc/3.4.0.65/avrtoolchain/bin/../lib/gcc/avr/4.6.2/avr25\libgcc.a(_clear_bss.o)
                0x000011f6                . = ALIGN (0x2)
 *(.text.*)
 .text.startup  0x000011f6      0x942 main.o
                0x000011f6                main
 .text.avr-libc.fplib
                0x00001b38        0xa c:/program files/atmel/atmel studio 6.0/extensions/atmel/avrgcc/3.4.0.65/avrtoolchain/bin/../lib/gcc/avr/4.6.2/../../../../avr/lib/avr25\libm.a(fixsfsi.o)
                0x00001b38                __fixsfsi
 .text.avr-libc.fplib
                0x00001b42       0x58 c:/program files/atmel/atmel studio 6.0/extensions/atmel/avrgcc/3.4.0.65/avrtoolchain/bin/../lib/gcc/avr/4.6.2/../../../../avr/lib/avr25\libm.a(fixunssfsi.o)
                0x00001b42                __fixunssfsi
 .text.avr-libc.fplib
                0x00001b9a       0x7a c:/program files/atmel/atmel studio 6.0/extensions/atmel/avrgcc/3.4.0.65/avrtoolchain/bin/../lib/gcc/avr/4.6.2/../../../../avr/lib/avr25\libm.a(floatsisf.o)
                0x00001b9a                __floatunsisf
                0x00001b9e                __floatsisf
 .text.avr-libc.fplib
                0x00001c14       0x44 c:/program files/atmel/atmel studio 6.0/extensions/atmel/avrgcc/3.4.0.65/avrtoolchain/bin/../lib/gcc/avr/4.6.2/../../../../avr/lib/avr25\libm.a(fp_split3.o)
                0x00001c14                __fp_split3
                0x00001c24                __fp_splitA
 .text.avr-libc.fplib
                0x00001c58        0xe c:/program files/atmel/atmel studio 6.0/extensions/atmel/avrgcc/3.4.0.65/avrtoolchain/bin/../lib/gcc/avr/4.6.2/../../../../avr/lib/avr25\libm.a(fp_zero.o)
                0x00001c58                __fp_zero
                0x00001c5a                __fp_szero
 .text.avr-libc.fplib
                0x00001c66        0x4 c:/program files/atmel/atmel studio 6.0/extensions/atmel/avrgcc/3.4.0.65/avrtoolchain/bin/../lib/gcc/avr/4.6.2/../../../../avr/lib/avr25\libm.a(mulsf3.o)
                0x00001c66                __mulsf3
 .text.avr-libc.fplib
                0x00001c6a       0xd2 c:/program files/atmel/atmel studio 6.0/extensions/atmel/avrgcc/3.4.0.65/avrtoolchain/bin/../lib/gcc/avr/4.6.2/../../../../avr/lib/avr25\libm.a(mulsf3x.o)
                0x00001c7c                __mulsf3x
                0x00001c80                __mulsf3_pse
 .text.avr-libc.fplib
                0x00001d3c        0xc c:/program files/atmel/atmel studio 6.0/extensions/atmel/avrgcc/3.4.0.65/avrtoolchain/bin/../lib/gcc/avr/4.6.2/../../../../avr/lib/avr25\libm.a(fp_inf.o)
                0x00001d3c                __fp_inf
 .text.avr-libc.fplib
                0x00001d48        0x6 c:/program files/atmel/atmel studio 6.0/extensions/atmel/avrgcc/3.4.0.65/avrtoolchain/bin/../lib/gcc/avr/4.6.2/../../../../avr/lib/avr25\libm.a(fp_nan.o)
                0x00001d48                __fp_nan
 .text.avr-libc.fplib
                0x00001d4e        0xe c:/program files/atmel/atmel studio 6.0/extensions/atmel/avrgcc/3.4.0.65/avrtoolchain/bin/../lib/gcc/avr/4.6.2/../../../../avr/lib/avr25\libm.a(fp_pscA.o)
                0x00001d4e                __fp_pscA
 .text.avr-libc.fplib
                0x00001d5c        0xe c:/program files/atmel/atmel studio 6.0/extensions/atmel/avrgcc/3.4.0.65/avrtoolchain/bin/../lib/gcc/avr/4.6.2/../../../../avr/lib/avr25\libm.a(fp_pscB.o)
                0x00001d5c                __fp_pscB
 .text.avr-libc.fplib
                0x00001d6a       0x22 c:/program files/atmel/atmel studio 6.0/extensions/atmel/avrgcc/3.4.0.65/avrtoolchain/bin/../lib/gcc/avr/4.6.2/../../../../avr/lib/avr25\libm.a(fp_round.o)
                0x00001d6a                __fp_round
 .text.libgcc   0x00001d8c       0x24 c:/program files/atmel/atmel studio 6.0/extensions/atmel/avrgcc/3.4.0.65/avrtoolchain/bin/../lib/gcc/avr/4.6.2/avr25\libgcc.a(_mulhi3.o)
                0x00001d8c                __mulhi3
 .text.libgcc   0x00001db0       0x38 c:/program files/atmel/atmel studio 6.0/extensions/atmel/avrgcc/3.4.0.65/avrtoolchain/bin/../lib/gcc/avr/4.6.2/avr25\libgcc.a(_prologue.o)
                0x00001db0                __prologue_saves__
 .text.libgcc   0x00001de8       0x36 c:/program files/atmel/atmel studio 6.0/extensions/atmel/avrgcc/3.4.0.65/avrtoolchain/bin/../lib/gcc/avr/4.6.2/avr25\libgcc.a(_epilogue.o)
                0x00001de8                __epilogue_restores__
 .text.libgcc   0x00001e1e        0x0 c:/program files/atmel/atmel studio 6.0/extensions/atmel/avrgcc/3.4.0.65/avrtoolchain/bin/../lib/gcc/avr/4.6.2/avr25\libgcc.a(_exit.o)
 .text.libgcc   0x00001e1e        0x0 c:/program files/atmel/atmel studio 6.0/extensions/atmel/avrgcc/3.4.0.65/avrtoolchain/bin/../lib/gcc/avr/4.6.2/avr25\libgcc.a(_copy_data.o)
 .text.libgcc   0x00001e1e        0x0 c:/program files/atmel/atmel studio 6.0/extensions/atmel/avrgcc/3.4.0.65/avrtoolchain/bin/../lib/gcc/avr/4.6.2/avr25\libgcc.a(_clear_bss.o)
                0x00001e1e                . = ALIGN (0x2)
 *(.fini9)
 .fini9         0x00001e1e        0x0 c:/program files/atmel/atmel studio 6.0/extensions/atmel/avrgcc/3.4.0.65/avrtoolchain/bin/../lib/gcc/avr/4.6.2/avr25\libgcc.a(_exit.o)
                0x00001e1e                _exit
                0x00001e1e                exit
 *(.fini9)
 *(.fini8)
 *(.fini8)
 *(.fini7)
 *(.fini7)
 *(.fini6)
 *(.fini6)
 *(.fini5)
 *(.fini5)
 *(.fini4)
 *(.fini4)
 *(.fini3)
 *(.fini3)
 *(.fini2)
 *(.fini2)
 *(.fini1)
 *(.fini1)
 *(.fini0)
 .fini0         0x00001e1e        0x4 c:/program files/atmel/atmel studio 6.0/extensions/atmel/avrgcc/3.4.0.65/avrtoolchain/bin/../lib/gcc/avr/4.6.2/avr25\libgcc.a(_exit.o)
 *(.fini0)
                0x00001e22                _etext = .

.data           0x00800060       0xa0 load address 0x00001e22
                0x00800060                PROVIDE (__data_start, .)
 *(.data)
 .data          0x00800060        0x0 c:/program files/atmel/atmel studio 6.0/extensions/atmel/avrgcc/3.4.0.65/avrtoolchain/bin/../lib/gcc/avr/4.6.2/../../../../avr/lib/avr25/crttn84.o
 .data          0x00800060        0x0 i2cmaster.o
 .data          0x00800060       0x84 main.o
                0x00800060                Mode5Table
                0x0080009c                PWMData
                0x008000dc                qt_measurement_period_msec
 .data          0x008000e4        0x0 src/QTouch/BitBangSPI_Master.o
 .data          0x008000e4        0x0 src/QTouch/init_mcu_attiny84.o
 .data          0x008000e4        0x0 src/QTouch/eeprom_access.o
 .data          0x008000e4        0x0 src/QTouch/QDebug.o
 .data          0x008000e4        0x0 src/QTouch/QDebugTransport.o
 .data          0x008000e4        0x0 src/QTouch/qm_asm_tiny_mega.o
 .data          0x008000e4       0x16 touch.o
                0x008000e4                yb_line_info
                0x008000e6                ya_line_info
                0x008000e8                x_line_info
                0x008000f8                pqt_measure_data
 .data          0x008000fa        0x0 c:/program files/atmel/atmel studio 6.0/extensions/atmel/avrgcc/3.4.0.65/avrtoolchain/bin/../lib/gcc/avr/4.6.2/../../../../avr/lib/avr25\libm.a(fixsfsi.o)
 .data          0x008000fa        0x0 c:/program files/atmel/atmel studio 6.0/extensions/atmel/avrgcc/3.4.0.65/avrtoolchain/bin/../lib/gcc/avr/4.6.2/../../../../avr/lib/avr25\libm.a(fixunssfsi.o)
 .data          0x008000fa        0x0 c:/program files/atmel/atmel studio 6.0/extensions/atmel/avrgcc/3.4.0.65/avrtoolchain/bin/../lib/gcc/avr/4.6.2/../../../../avr/lib/avr25\libm.a(floatsisf.o)
 .data          0x008000fa        0x0 c:/program files/atmel/atmel studio 6.0/extensions/atmel/avrgcc/3.4.0.65/avrtoolchain/bin/../lib/gcc/avr/4.6.2/../../../../avr/lib/avr25\libm.a(fp_split3.o)
 .data          0x008000fa        0x0 c:/program files/atmel/atmel studio 6.0/extensions/atmel/avrgcc/3.4.0.65/avrtoolchain/bin/../lib/gcc/avr/4.6.2/../../../../avr/lib/avr25\libm.a(fp_zero.o)
 .data          0x008000fa        0x0 c:/program files/atmel/atmel studio 6.0/extensions/atmel/avrgcc/3.4.0.65/avrtoolchain/bin/../lib/gcc/avr/4.6.2/../../../../avr/lib/avr25\libm.a(mulsf3.o)
 .data          0x008000fa        0x0 c:/program files/atmel/atmel studio 6.0/extensions/atmel/avrgcc/3.4.0.65/avrtoolchain/bin/../lib/gcc/avr/4.6.2/../../../../avr/lib/avr25\libm.a(mulsf3x.o)
 .data          0x008000fa        0x0 c:/program files/atmel/atmel studio 6.0/extensions/atmel/avrgcc/3.4.0.65/avrtoolchain/bin/../lib/gcc/avr/4.6.2/../../../../avr/lib/avr25\libm.a(fp_inf.o)
 .data          0x008000fa        0x0 c:/program files/atmel/atmel studio 6.0/extensions/atmel/avrgcc/3.4.0.65/avrtoolchain/bin/../lib/gcc/avr/4.6.2/../../../../avr/lib/avr25\libm.a(fp_nan.o)
 .data          0x008000fa        0x0 c:/program files/atmel/atmel studio 6.0/extensions/atmel/avrgcc/3.4.0.65/avrtoolchain/bin/../lib/gcc/avr/4.6.2/../../../../avr/lib/avr25\libm.a(fp_pscA.o)
 .data          0x008000fa        0x0 c:/program files/atmel/atmel studio 6.0/extensions/atmel/avrgcc/3.4.0.65/avrtoolchain/bin/../lib/gcc/avr/4.6.2/../../../../avr/lib/avr25\libm.a(fp_pscB.o)
 .data          0x008000fa        0x0 c:/program files/atmel/atmel studio 6.0/extensions/atmel/avrgcc/3.4.0.65/avrtoolchain/bin/../lib/gcc/avr/4.6.2/../../../../avr/lib/avr25\libm.a(fp_round.o)
 .data          0x008000fa        0x0 ../src/QTouch\libavr25g1s0_4qm_4x_1y_k_0rs.a(burst_qm_1.o)
 .data          0x008000fa        0x1 ../src/QTouch\libavr25g1s0_4qm_4x_1y_k_0rs.a(touch_api.o)
                0x008000fa                freq_shift
 .data          0x008000fb        0x0 ../src/QTouch\libavr25g1s0_4qm_4x_1y_k_0rs.a(touch_process.o)
 .data          0x008000fb        0x4 ../src/QTouch\libavr25g1s0_4qm_4x_1y_k_0rs.a(touch_burst_qm.o)
                0x008000fb                qt_burst_lengths
 .data          0x008000ff        0x0 c:/program files/atmel/atmel studio 6.0/extensions/atmel/avrgcc/3.4.0.65/avrtoolchain/bin/../lib/gcc/avr/4.6.2/avr25\libgcc.a(_mulhi3.o)
 .data          0x008000ff        0x0 c:/program files/atmel/atmel studio 6.0/extensions/atmel/avrgcc/3.4.0.65/avrtoolchain/bin/../lib/gcc/avr/4.6.2/avr25\libgcc.a(_prologue.o)
 .data          0x008000ff        0x0 c:/program files/atmel/atmel studio 6.0/extensions/atmel/avrgcc/3.4.0.65/avrtoolchain/bin/../lib/gcc/avr/4.6.2/avr25\libgcc.a(_epilogue.o)
 .data          0x008000ff        0x0 c:/program files/atmel/atmel studio 6.0/extensions/atmel/avrgcc/3.4.0.65/avrtoolchain/bin/../lib/gcc/avr/4.6.2/avr25\libgcc.a(_exit.o)
 .data          0x008000ff        0x0 c:/program files/atmel/atmel studio 6.0/extensions/atmel/avrgcc/3.4.0.65/avrtoolchain/bin/../lib/gcc/avr/4.6.2/avr25\libgcc.a(_copy_data.o)
 .data          0x008000ff        0x0 c:/program files/atmel/atmel studio 6.0/extensions/atmel/avrgcc/3.4.0.65/avrtoolchain/bin/../lib/gcc/avr/4.6.2/avr25\libgcc.a(_clear_bss.o)
 *(.data*)
 *(.rodata)
 *(.rodata*)
 *(.gnu.linkonce.d*)
                0x00800100                . = ALIGN (0x2)
 *fill*         0x008000ff        0x1 00
                0x00800100                _edata = .
                0x00800100                PROVIDE (__data_end, .)

.bss            0x00800100       0x54
                0x00800100                PROVIDE (__bss_start, .)
 *(.bss)
 .bss           0x00800100        0x0 c:/program files/atmel/atmel studio 6.0/extensions/atmel/avrgcc/3.4.0.65/avrtoolchain/bin/../lib/gcc/avr/4.6.2/../../../../avr/lib/avr25/crttn84.o
 .bss           0x00800100        0x0 i2cmaster.o
 .bss           0x00800100        0x5 main.o
                0x00800100                current_time_ms_touch
                0x00800102                time_to_measure_touch
                0x00800103                time_ms_inc
 .bss           0x00800105        0x0 src/QTouch/BitBangSPI_Master.o
 .bss           0x00800105        0x0 src/QTouch/init_mcu_attiny84.o
 .bss           0x00800105        0x0 src/QTouch/eeprom_access.o
 .bss           0x00800105        0x0 src/QTouch/QDebug.o
 .bss           0x00800105        0x0 src/QTouch/QDebugTransport.o
 .bss           0x00800105        0x0 src/QTouch/qm_asm_tiny_mega.o
 .bss           0x00800105        0x4 touch.o
 .bss           0x00800109        0x0 c:/program files/atmel/atmel studio 6.0/extensions/atmel/avrgcc/3.4.0.65/avrtoolchain/bin/../lib/gcc/avr/4.6.2/../../../../avr/lib/avr25\libm.a(fixsfsi.o)
 .bss           0x00800109        0x0 c:/program files/atmel/atmel studio 6.0/extensions/atmel/avrgcc/3.4.0.65/avrtoolchain/bin/../lib/gcc/avr/4.6.2/../../../../avr/lib/avr25\libm.a(fixunssfsi.o)
 .bss           0x00800109        0x0 c:/program files/atmel/atmel studio 6.0/extensions/atmel/avrgcc/3.4.0.65/avrtoolchain/bin/../lib/gcc/avr/4.6.2/../../../../avr/lib/avr25\libm.a(floatsisf.o)
 .bss           0x00800109        0x0 c:/program files/atmel/atmel studio 6.0/extensions/atmel/avrgcc/3.4.0.65/avrtoolchain/bin/../lib/gcc/avr/4.6.2/../../../../avr/lib/avr25\libm.a(fp_split3.o)
 .bss           0x00800109        0x0 c:/program files/atmel/atmel studio 6.0/extensions/atmel/avrgcc/3.4.0.65/avrtoolchain/bin/../lib/gcc/avr/4.6.2/../../../../avr/lib/avr25\libm.a(fp_zero.o)
 .bss           0x00800109        0x0 c:/program files/atmel/atmel studio 6.0/extensions/atmel/avrgcc/3.4.0.65/avrtoolchain/bin/../lib/gcc/avr/4.6.2/../../../../avr/lib/avr25\libm.a(mulsf3.o)
 .bss           0x00800109        0x0 c:/program files/atmel/atmel studio 6.0/extensions/atmel/avrgcc/3.4.0.65/avrtoolchain/bin/../lib/gcc/avr/4.6.2/../../../../avr/lib/avr25\libm.a(mulsf3x.o)
 .bss           0x00800109        0x0 c:/program files/atmel/atmel studio 6.0/extensions/atmel/avrgcc/3.4.0.65/avrtoolchain/bin/../lib/gcc/avr/4.6.2/../../../../avr/lib/avr25\libm.a(fp_inf.o)
 .bss           0x00800109        0x0 c:/program files/atmel/atmel studio 6.0/extensions/atmel/avrgcc/3.4.0.65/avrtoolchain/bin/../lib/gcc/avr/4.6.2/../../../../avr/lib/avr25\libm.a(fp_nan.o)
 .bss           0x00800109        0x0 c:/program files/atmel/atmel studio 6.0/extensions/atmel/avrgcc/3.4.0.65/avrtoolchain/bin/../lib/gcc/avr/4.6.2/../../../../avr/lib/avr25\libm.a(fp_pscA.o)
 .bss           0x00800109        0x0 c:/program files/atmel/atmel studio 6.0/extensions/atmel/avrgcc/3.4.0.65/avrtoolchain/bin/../lib/gcc/avr/4.6.2/../../../../avr/lib/avr25\libm.a(fp_pscB.o)
 .bss           0x00800109        0x0 c:/program files/atmel/atmel studio 6.0/extensions/atmel/avrgcc/3.4.0.65/avrtoolchain/bin/../lib/gcc/avr/4.6.2/../../../../avr/lib/avr25\libm.a(fp_round.o)
 .bss           0x00800109        0x0 ../src/QTouch\libavr25g1s0_4qm_4x_1y_k_0rs.a(burst_qm_1.o)
 .bss           0x00800109        0x6 ../src/QTouch\libavr25g1s0_4qm_4x_1y_k_0rs.a(touch_api.o)
                0x00800109                burst_proc_qm
 .bss           0x0080010f        0x4 ../src/QTouch\libavr25g1s0_4qm_4x_1y_k_0rs.a(touch_process.o)
 .bss           0x00800113        0x0 ../src/QTouch\libavr25g1s0_4qm_4x_1y_k_0rs.a(touch_burst_qm.o)
 .bss           0x00800113        0x0 c:/program files/atmel/atmel studio 6.0/extensions/atmel/avrgcc/3.4.0.65/avrtoolchain/bin/../lib/gcc/avr/4.6.2/avr25\libgcc.a(_mulhi3.o)
 .bss           0x00800113        0x0 c:/program files/atmel/atmel studio 6.0/extensions/atmel/avrgcc/3.4.0.65/avrtoolchain/bin/../lib/gcc/avr/4.6.2/avr25\libgcc.a(_prologue.o)
 .bss           0x00800113        0x0 c:/program files/atmel/atmel studio 6.0/extensions/atmel/avrgcc/3.4.0.65/avrtoolchain/bin/../lib/gcc/avr/4.6.2/avr25\libgcc.a(_epilogue.o)
 .bss           0x00800113        0x0 c:/program files/atmel/atmel studio 6.0/extensions/atmel/avrgcc/3.4.0.65/avrtoolchain/bin/../lib/gcc/avr/4.6.2/avr25\libgcc.a(_exit.o)
 .bss           0x00800113        0x0 c:/program files/atmel/atmel studio 6.0/extensions/atmel/avrgcc/3.4.0.65/avrtoolchain/bin/../lib/gcc/avr/4.6.2/avr25\libgcc.a(_copy_data.o)
 .bss           0x00800113        0x0 c:/program files/atmel/atmel studio 6.0/extensions/atmel/avrgcc/3.4.0.65/avrtoolchain/bin/../lib/gcc/avr/4.6.2/avr25\libgcc.a(_clear_bss.o)
 *(.bss*)
 *(COMMON)
 COMMON         0x00800113       0x1c ../src/QTouch\libavr25g1s0_4qm_4x_1y_k_0rs.a(touch_api.o)
                0x00800113                qt_config_data
                0x0080011a                qt_filter_callback
                0x0080011c                qt_measure_data
                0x0080012d                lib_status_flags
 COMMON         0x0080012f       0x1a ../src/QTouch\libavr25g1s0_4qm_4x_1y_k_0rs.a(touch_process.o)
                0x0080012f                dht_counter
                0x00800130                num_sensors
                0x00800131                sensors
 COMMON         0x00800149        0xb ../src/QTouch\libavr25g1s0_4qm_4x_1y_k_0rs.a(touch_burst_qm.o)
                0x00800149                reg_clya
                0x0080014a                old_isr_state
                0x0080014b                reg_flyab
                0x0080014c                reg_clyb
                0x0080014d                reg_flyb
                0x0080014e                burst_mask
                0x00800153                reg_flya
                0x00800154                PROVIDE (__bss_end, .)
                0x00001e22                __data_load_start = LOADADDR (.data)
                0x00001ec2                __data_load_end = (__data_load_start + SIZEOF (.data))

.noinit         0x00800154        0x0
                0x00800154                PROVIDE (__noinit_start, .)
 *(.noinit*)
                0x00800154                PROVIDE (__noinit_end, .)
                0x00800154                _end = .
                0x00800154                PROVIDE (__heap_start, .)

.eeprom         0x00810000        0x0
 *(.eeprom*)
                0x00810000                __eeprom_end = .

.fuse
 *(.fuse)
 *(.lfuse)
 *(.hfuse)
 *(.efuse)

.lock
 *(.lock*)

.signature
 *(.signature*)

.stab           0x00000000     0x1758
 *(.stab)
 .stab          0x00000000      0x6cc c:/program files/atmel/atmel studio 6.0/extensions/atmel/avrgcc/3.4.0.65/avrtoolchain/bin/../lib/gcc/avr/4.6.2/../../../../avr/lib/avr25/crttn84.o
 .stab          0x000006cc       0x18 i2cmaster.o
                                 0x24 (size before relaxing)
 .stab          0x000006e4       0x6c c:/program files/atmel/atmel studio 6.0/extensions/atmel/avrgcc/3.4.0.65/avrtoolchain/bin/../lib/gcc/avr/4.6.2/../../../../avr/lib/avr25\libm.a(fixsfsi.o)
                                 0x78 (size before relaxing)
 .stab          0x00000750      0x240 c:/program files/atmel/atmel studio 6.0/extensions/atmel/avrgcc/3.4.0.65/avrtoolchain/bin/../lib/gcc/avr/4.6.2/../../../../avr/lib/avr25\libm.a(fixunssfsi.o)
                                0x24c (size before relaxing)
 .stab          0x00000990      0x318 c:/program files/atmel/atmel studio 6.0/extensions/atmel/avrgcc/3.4.0.65/avrtoolchain/bin/../lib/gcc/avr/4.6.2/../../../../avr/lib/avr25\libm.a(floatsisf.o)
                                0x324 (size before relaxing)
 .stab          0x00000ca8      0x1d4 c:/program files/atmel/atmel studio 6.0/extensions/atmel/avrgcc/3.4.0.65/avrtoolchain/bin/../lib/gcc/avr/4.6.2/../../../../avr/lib/avr25\libm.a(fp_split3.o)
                                0x1e0 (size before relaxing)
 .stab          0x00000e7c       0x90 c:/program files/atmel/atmel studio 6.0/extensions/atmel/avrgcc/3.4.0.65/avrtoolchain/bin/../lib/gcc/avr/4.6.2/../../../../avr/lib/avr25\libm.a(fp_zero.o)
                                 0x9c (size before relaxing)
 .stab          0x00000f0c       0x48 c:/program files/atmel/atmel studio 6.0/extensions/atmel/avrgcc/3.4.0.65/avrtoolchain/bin/../lib/gcc/avr/4.6.2/../../../../avr/lib/avr25\libm.a(mulsf3.o)
                                 0x54 (size before relaxing)
 .stab          0x00000f54      0x534 c:/program files/atmel/atmel studio 6.0/extensions/atmel/avrgcc/3.4.0.65/avrtoolchain/bin/../lib/gcc/avr/4.6.2/../../../../avr/lib/avr25\libm.a(mulsf3x.o)
                                0x540 (size before relaxing)
 .stab          0x00001488       0x78 c:/program files/atmel/atmel studio 6.0/extensions/atmel/avrgcc/3.4.0.65/avrtoolchain/bin/../lib/gcc/avr/4.6.2/../../../../avr/lib/avr25\libm.a(fp_inf.o)
                                 0x84 (size before relaxing)
 .stab          0x00001500       0x54 c:/program files/atmel/atmel studio 6.0/extensions/atmel/avrgcc/3.4.0.65/avrtoolchain/bin/../lib/gcc/avr/4.6.2/../../../../avr/lib/avr25\libm.a(fp_nan.o)
                                 0x60 (size before relaxing)
 .stab          0x00001554       0x84 c:/program files/atmel/atmel studio 6.0/extensions/atmel/avrgcc/3.4.0.65/avrtoolchain/bin/../lib/gcc/avr/4.6.2/../../../../avr/lib/avr25\libm.a(fp_pscA.o)
                                 0x90 (size before relaxing)
 .stab          0x000015d8       0x84 c:/program files/atmel/atmel studio 6.0/extensions/atmel/avrgcc/3.4.0.65/avrtoolchain/bin/../lib/gcc/avr/4.6.2/../../../../avr/lib/avr25\libm.a(fp_pscB.o)
                                 0x90 (size before relaxing)
 .stab          0x0000165c       0xfc c:/program files/atmel/atmel studio 6.0/extensions/atmel/avrgcc/3.4.0.65/avrtoolchain/bin/../lib/gcc/avr/4.6.2/../../../../avr/lib/avr25\libm.a(fp_round.o)
                                0x108 (size before relaxing)

.stabstr        0x00000000      0x52e
 *(.stabstr)
 .stabstr       0x00000000      0x52e c:/program files/atmel/atmel studio 6.0/extensions/atmel/avrgcc/3.4.0.65/avrtoolchain/bin/../lib/gcc/avr/4.6.2/../../../../avr/lib/avr25/crttn84.o

.stab.excl
 *(.stab.excl)

.stab.exclstr
 *(.stab.exclstr)

.stab.index
 *(.stab.index)

.stab.indexstr
 *(.stab.indexstr)

.comment
 *(.comment)

.debug
 *(.debug)

.line
 *(.line)

.debug_srcinfo
 *(.debug_srcinfo)

.debug_sfnames
 *(.debug_sfnames)

.debug_aranges  0x00000000      0x168
 *(.debug_aranges)
 .debug_aranges
                0x00000000       0x20 i2cmaster.o
 .debug_aranges
                0x00000020       0x28 main.o
 .debug_aranges
                0x00000048       0x20 src/QTouch/init_mcu_attiny84.o
 .debug_aranges
                0x00000068       0x20 src/QTouch/qm_asm_tiny_mega.o
 .debug_aranges
                0x00000088       0x20 touch.o
 .debug_aranges
                0x000000a8       0x20 c:/program files/atmel/atmel studio 6.0/extensions/atmel/avrgcc/3.4.0.65/avrtoolchain/bin/../lib/gcc/avr/4.6.2/avr25\libgcc.a(_mulhi3.o)
 .debug_aranges
                0x000000c8       0x20 c:/program files/atmel/atmel studio 6.0/extensions/atmel/avrgcc/3.4.0.65/avrtoolchain/bin/../lib/gcc/avr/4.6.2/avr25\libgcc.a(_prologue.o)
 .debug_aranges
                0x000000e8       0x20 c:/program files/atmel/atmel studio 6.0/extensions/atmel/avrgcc/3.4.0.65/avrtoolchain/bin/../lib/gcc/avr/4.6.2/avr25\libgcc.a(_epilogue.o)
 .debug_aranges
                0x00000108       0x20 c:/program files/atmel/atmel studio 6.0/extensions/atmel/avrgcc/3.4.0.65/avrtoolchain/bin/../lib/gcc/avr/4.6.2/avr25\libgcc.a(_exit.o)
 .debug_aranges
                0x00000128       0x20 c:/program files/atmel/atmel studio 6.0/extensions/atmel/avrgcc/3.4.0.65/avrtoolchain/bin/../lib/gcc/avr/4.6.2/avr25\libgcc.a(_copy_data.o)
 .debug_aranges
                0x00000148       0x20 c:/program files/atmel/atmel studio 6.0/extensions/atmel/avrgcc/3.4.0.65/avrtoolchain/bin/../lib/gcc/avr/4.6.2/avr25\libgcc.a(_clear_bss.o)

.debug_pubnames
 *(.debug_pubnames)

.debug_info     0x00000000     0x2720
 *(.debug_info)
 .debug_info    0x00000000       0x87 i2cmaster.o
 .debug_info    0x00000087     0x1ac2 main.o
 .debug_info    0x00001b49      0x14e src/QTouch/init_mcu_attiny84.o
 .debug_info    0x00001c97       0x97 src/QTouch/qm_asm_tiny_mega.o
 .debug_info    0x00001d2e      0x4be touch.o
 .debug_info    0x000021ec       0xde c:/program files/atmel/atmel studio 6.0/extensions/atmel/avrgcc/3.4.0.65/avrtoolchain/bin/../lib/gcc/avr/4.6.2/avr25\libgcc.a(_mulhi3.o)
 .debug_info    0x000022ca       0xde c:/program files/atmel/atmel studio 6.0/extensions/atmel/avrgcc/3.4.0.65/avrtoolchain/bin/../lib/gcc/avr/4.6.2/avr25\libgcc.a(_prologue.o)
 .debug_info    0x000023a8       0xde c:/program files/atmel/atmel studio 6.0/extensions/atmel/avrgcc/3.4.0.65/avrtoolchain/bin/../lib/gcc/avr/4.6.2/avr25\libgcc.a(_epilogue.o)
 .debug_info    0x00002486       0xde c:/program files/atmel/atmel studio 6.0/extensions/atmel/avrgcc/3.4.0.65/avrtoolchain/bin/../lib/gcc/avr/4.6.2/avr25\libgcc.a(_exit.o)
 .debug_info    0x00002564       0xde c:/program files/atmel/atmel studio 6.0/extensions/atmel/avrgcc/3.4.0.65/avrtoolchain/bin/../lib/gcc/avr/4.6.2/avr25\libgcc.a(_copy_data.o)
 .debug_info    0x00002642       0xde c:/program files/atmel/atmel studio 6.0/extensions/atmel/avrgcc/3.4.0.65/avrtoolchain/bin/../lib/gcc/avr/4.6.2/avr25\libgcc.a(_clear_bss.o)
 *(.gnu.linkonce.wi.*)

.debug_abbrev   0x00000000      0x505
 *(.debug_abbrev)
 .debug_abbrev  0x00000000       0x14 i2cmaster.o
 .debug_abbrev  0x00000014      0x267 main.o
 .debug_abbrev  0x0000027b        0x1 src/QTouch/BitBangSPI_Master.o
 .debug_abbrev  0x0000027c       0x9f src/QTouch/init_mcu_attiny84.o
 .debug_abbrev  0x0000031b        0x1 src/QTouch/eeprom_access.o
 .debug_abbrev  0x0000031c        0x1 src/QTouch/QDebug.o
 .debug_abbrev  0x0000031d        0x1 src/QTouch/QDebugTransport.o
 .debug_abbrev  0x0000031e       0x14 src/QTouch/qm_asm_tiny_mega.o
 .debug_abbrev  0x00000332      0x15b touch.o
 .debug_abbrev  0x0000048d       0x14 c:/program files/atmel/atmel studio 6.0/extensions/atmel/avrgcc/3.4.0.65/avrtoolchain/bin/../lib/gcc/avr/4.6.2/avr25\libgcc.a(_mulhi3.o)
 .debug_abbrev  0x000004a1       0x14 c:/program files/atmel/atmel studio 6.0/extensions/atmel/avrgcc/3.4.0.65/avrtoolchain/bin/../lib/gcc/avr/4.6.2/avr25\libgcc.a(_prologue.o)
 .debug_abbrev  0x000004b5       0x14 c:/program files/atmel/atmel studio 6.0/extensions/atmel/avrgcc/3.4.0.65/avrtoolchain/bin/../lib/gcc/avr/4.6.2/avr25\libgcc.a(_epilogue.o)
 .debug_abbrev  0x000004c9       0x14 c:/program files/atmel/atmel studio 6.0/extensions/atmel/avrgcc/3.4.0.65/avrtoolchain/bin/../lib/gcc/avr/4.6.2/avr25\libgcc.a(_exit.o)
 .debug_abbrev  0x000004dd       0x14 c:/program files/atmel/atmel studio 6.0/extensions/atmel/avrgcc/3.4.0.65/avrtoolchain/bin/../lib/gcc/avr/4.6.2/avr25\libgcc.a(_copy_data.o)
 .debug_abbrev  0x000004f1       0x14 c:/program files/atmel/atmel studio 6.0/extensions/atmel/avrgcc/3.4.0.65/avrtoolchain/bin/../lib/gcc/avr/4.6.2/avr25\libgcc.a(_clear_bss.o)

.debug_line     0x00000000      0xd5b
 *(.debug_line)
 .debug_line    0x00000000       0xb2 i2cmaster.o
 .debug_line    0x000000b2      0x662 main.o
 .debug_line    0x00000714        0x0 src/QTouch/BitBangSPI_Master.o
 .debug_line    0x00000714       0xf8 src/QTouch/init_mcu_attiny84.o
 .debug_line    0x0000080c        0x0 src/QTouch/eeprom_access.o
 .debug_line    0x0000080c        0x0 src/QTouch/QDebug.o
 .debug_line    0x0000080c        0x0 src/QTouch/QDebugTransport.o
 .debug_line    0x0000080c       0xb1 src/QTouch/qm_asm_tiny_mega.o
 .debug_line    0x000008bd      0x11c touch.o
 .debug_line    0x000009d9       0x98 c:/program files/atmel/atmel studio 6.0/extensions/atmel/avrgcc/3.4.0.65/avrtoolchain/bin/../lib/gcc/avr/4.6.2/avr25\libgcc.a(_mulhi3.o)
 .debug_line    0x00000a71       0xa2 c:/program files/atmel/atmel studio 6.0/extensions/atmel/avrgcc/3.4.0.65/avrtoolchain/bin/../lib/gcc/avr/4.6.2/avr25\libgcc.a(_prologue.o)
 .debug_line    0x00000b13       0xa1 c:/program files/atmel/atmel studio 6.0/extensions/atmel/avrgcc/3.4.0.65/avrtoolchain/bin/../lib/gcc/avr/4.6.2/avr25\libgcc.a(_epilogue.o)
 .debug_line    0x00000bb4       0x88 c:/program files/atmel/atmel studio 6.0/extensions/atmel/avrgcc/3.4.0.65/avrtoolchain/bin/../lib/gcc/avr/4.6.2/avr25\libgcc.a(_exit.o)
 .debug_line    0x00000c3c       0x91 c:/program files/atmel/atmel studio 6.0/extensions/atmel/avrgcc/3.4.0.65/avrtoolchain/bin/../lib/gcc/avr/4.6.2/avr25\libgcc.a(_copy_data.o)
 .debug_line    0x00000ccd       0x8e c:/program files/atmel/atmel studio 6.0/extensions/atmel/avrgcc/3.4.0.65/avrtoolchain/bin/../lib/gcc/avr/4.6.2/avr25\libgcc.a(_clear_bss.o)

.debug_frame    0x00000000      0x1ac
 *(.debug_frame)
 .debug_frame   0x00000000      0x104 main.o
 .debug_frame   0x00000104       0x74 src/QTouch/init_mcu_attiny84.o
 .debug_frame   0x00000178       0x34 touch.o

.debug_str      0x00000000      0x5d8
 *(.debug_str)
 .debug_str     0x00000000      0x1ba main.o
                                0x1f3 (size before relaxing)
 .debug_str     0x000001ba       0x59 src/QTouch/init_mcu_attiny84.o
                                0x180 (size before relaxing)
 .debug_str     0x00000213      0x3c5 touch.o
                                0x54c (size before relaxing)

.debug_loc      0x00000000     0x16c7
 *(.debug_loc)
 .debug_loc     0x00000000     0x164c main.o
 .debug_loc     0x0000164c       0x7b src/QTouch/init_mcu_attiny84.o

.debug_macinfo
 *(.debug_macinfo)
OUTPUT(Touch_Test.elf elf32-avr)
LOAD linker stubs

.debug_ranges   0x00000000       0xa8
 .debug_ranges  0x00000000       0xa8 main.o
